namespace Pulse.SqlServer
{
    public class SqlServerHealthCheck : Microsoft.Extensions.Diagnostics.Pulse.IHealthCheck
    {
        public SqlServerHealthCheck(Pulse.SqlServer.SqlServerHealthCheckOptions options) { }
        public System.Threading.Tasks.Task<Microsoft.Extensions.Diagnostics.Pulse.HealthCheckResult> CheckHealthAsync(Microsoft.Extensions.Diagnostics.Pulse.HealthCheckContext context, System.Threading.CancellationToken cancellationToken = default) { }
    }
    public class SqlServerHealthCheckOptions
    {
        public SqlServerHealthCheckOptions() { }
        public string CommandText { get; set; }
        public System.Action<Microsoft.Data.SqlClient.SqlConnection>? Configure { get; set; }
        public string ConnectionString { get; set; }
        public System.Func<object?, Microsoft.Extensions.Diagnostics.Pulse.HealthCheckResult>? HealthCheckResultBuilder { get; set; }
    }
}
namespace Microsoft.Extensions.DependencyInjection
{
    public static class SqlServerHealthCheckBuilderExtensions
    {
        public static Microsoft.Extensions.DependencyInjection.IHealthChecksBuilder AddSqlServer(this Microsoft.Extensions.DependencyInjection.IHealthChecksBuilder builder, Pulse.SqlServer.SqlServerHealthCheckOptions options, string? name = null, Microsoft.Extensions.Diagnostics.Pulse.HealthStatus? failureStatus = default, System.Collections.Generic.IEnumerable<string>? tags = null, System.TimeSpan? timeout = default) { }
        public static Microsoft.Extensions.DependencyInjection.IHealthChecksBuilder AddSqlServer(this Microsoft.Extensions.DependencyInjection.IHealthChecksBuilder builder, System.Func<System.IServiceProvider, string> connectionStringFactory, string healthQuery = "SELECT 1;", System.Action<Microsoft.Data.SqlClient.SqlConnection>? configure = null, string? name = null, Microsoft.Extensions.Diagnostics.Pulse.HealthStatus? failureStatus = default, System.Collections.Generic.IEnumerable<string>? tags = null, System.TimeSpan? timeout = default) { }
        public static Microsoft.Extensions.DependencyInjection.IHealthChecksBuilder AddSqlServer(this Microsoft.Extensions.DependencyInjection.IHealthChecksBuilder builder, string connectionString, string healthQuery = "SELECT 1;", System.Action<Microsoft.Data.SqlClient.SqlConnection>? configure = null, string? name = null, Microsoft.Extensions.Diagnostics.Pulse.HealthStatus? failureStatus = default, System.Collections.Generic.IEnumerable<string>? tags = null, System.TimeSpan? timeout = default) { }
    }
}
