namespace Pulse.Aws.SystemsManager
{
    public class SystemsManagerHealthCheck : Microsoft.Extensions.Diagnostics.Pulse.IHealthCheck
    {
        public SystemsManagerHealthCheck(Pulse.Aws.SystemsManager.SystemsManagerOptions systemsManagerOptions) { }
        public System.Threading.Tasks.Task<Microsoft.Extensions.Diagnostics.Pulse.HealthCheckResult> CheckHealthAsync(Microsoft.Extensions.Diagnostics.Pulse.HealthCheckContext context, System.Threading.CancellationToken cancellationToken = default) { }
    }
    public class SystemsManagerOptions
    {
        public SystemsManagerOptions() { }
        public Amazon.Runtime.AWSCredentials? Credentials { get; set; }
        public Amazon.RegionEndpoint? RegionEndpoint { get; set; }
        public Pulse.Aws.SystemsManager.SystemsManagerOptions AddParameter(string parameter) { }
    }
}
namespace Microsoft.Extensions.DependencyInjection
{
    public static class SystemsManagerHealthCheckBuilderExtensions
    {
        public static Microsoft.Extensions.DependencyInjection.IHealthChecksBuilder AddSystemsManager(this Microsoft.Extensions.DependencyInjection.IHealthChecksBuilder builder, System.Action<Pulse.Aws.SystemsManager.SystemsManagerOptions>? setup, string? name = null, Microsoft.Extensions.Diagnostics.Pulse.HealthStatus? failureStatus = default, System.Collections.Generic.IEnumerable<string>? tags = null, System.TimeSpan? timeout = default) { }
    }
}
