namespace Pulse.IdSvr
{
    public class IdSvrHealthCheck : Microsoft.Extensions.Diagnostics.Pulse.IHealthCheck
    {
        public IdSvrHealthCheck(System.Func<System.Net.Http.HttpClient> httpClientFactory) { }
        public IdSvrHealthCheck(System.Func<System.Net.Http.HttpClient> httpClientFactory, string discoverConfigurationSegment) { }
        public System.Threading.Tasks.Task<Microsoft.Extensions.Diagnostics.Pulse.HealthCheckResult> CheckHealthAsync(Microsoft.Extensions.Diagnostics.Pulse.HealthCheckContext context, System.Threading.CancellationToken cancellationToken = default) { }
    }
}
namespace Microsoft.Extensions.DependencyInjection
{
    public static class IdSvrHealthCheckBuilderExtensions
    {
        public static Microsoft.Extensions.DependencyInjection.IHealthChecksBuilder AddIdentityServer(this Microsoft.Extensions.DependencyInjection.IHealthChecksBuilder builder, System.Func<System.IServiceProvider, System.Uri> uriProvider, string discoverConfigurationSegment = ".well-known/openid-configuration", string? name = null, Microsoft.Extensions.Diagnostics.Pulse.HealthStatus? failureStatus = default, System.Collections.Generic.IEnumerable<string>? tags = null, System.TimeSpan? timeout = default) { }
        public static Microsoft.Extensions.DependencyInjection.IHealthChecksBuilder AddIdentityServer(this Microsoft.Extensions.DependencyInjection.IHealthChecksBuilder builder, System.Uri idSvrUri, string discoverConfigurationSegment = ".well-known/openid-configuration", string? name = null, Microsoft.Extensions.Diagnostics.Pulse.HealthStatus? failureStatus = default, System.Collections.Generic.IEnumerable<string>? tags = null, System.TimeSpan? timeout = default) { }
    }
}
