namespace Pulse.Aws.S3
{
    public class S3BucketOptions
    {
        public S3BucketOptions() { }
        [System.Obsolete("Specify access key and secret as a BasicCredential to Credentials property instea" +
            "d")]
        public string? AccessKey { get; set; }
        public string BucketName { get; set; }
        public Amazon.Runtime.AWSCredentials? Credentials { get; set; }
        public System.Func<Amazon.S3.Model.ListObjectsResponse, bool>? CustomResponseCheck { get; set; }
        public int MaxKeys { get; set; }
        public Amazon.S3.AmazonS3Config S3Config { get; set; }
        [System.Obsolete("Specify access key and secret as a BasicCredential to Credentials property instea" +
            "d")]
        public string? SecretKey { get; set; }
    }
    public class S3HealthCheck : Microsoft.Extensions.Diagnostics.Pulse.IHealthCheck
    {
        public S3HealthCheck(Pulse.Aws.S3.S3BucketOptions bucketOptions) { }
        public System.Threading.Tasks.Task<Microsoft.Extensions.Diagnostics.Pulse.HealthCheckResult> CheckHealthAsync(Microsoft.Extensions.Diagnostics.Pulse.HealthCheckContext context, System.Threading.CancellationToken cancellationToken = default) { }
    }
}
namespace Microsoft.Extensions.DependencyInjection
{
    public static class S3HealthCheckBuilderExtensions
    {
        public static Microsoft.Extensions.DependencyInjection.IHealthChecksBuilder AddS3(this Microsoft.Extensions.DependencyInjection.IHealthChecksBuilder builder, System.Action<Pulse.Aws.S3.S3BucketOptions>? setup, string? name = null, Microsoft.Extensions.Diagnostics.Pulse.HealthStatus? failureStatus = default, System.Collections.Generic.IEnumerable<string>? tags = null, System.TimeSpan? timeout = default) { }
    }
}
