namespace Pulse.SignalR
{
    public class SignalRHealthCheck : Microsoft.Extensions.Diagnostics.Pulse.IHealthCheck
    {
        public SignalRHealthCheck(System.Func<Microsoft.AspNetCore.SignalR.Client.HubConnection> hubConnectionBuilder) { }
        public System.Threading.Tasks.Task<Microsoft.Extensions.Diagnostics.Pulse.HealthCheckResult> CheckHealthAsync(Microsoft.Extensions.Diagnostics.Pulse.HealthCheckContext context, System.Threading.CancellationToken cancellationToken = default) { }
    }
}
namespace Microsoft.Extensions.DependencyInjection
{
    public static class SignalRHealthCheckBuilderExtensions
    {
        public static Microsoft.Extensions.DependencyInjection.IHealthChecksBuilder AddSignalRHub(this Microsoft.Extensions.DependencyInjection.IHealthChecksBuilder builder, System.Func<Microsoft.AspNetCore.SignalR.Client.HubConnection> hubConnectionBuilder, string? name = null, Microsoft.Extensions.Diagnostics.Pulse.HealthStatus? failureStatus = default, System.Collections.Generic.IEnumerable<string>? tags = null, System.TimeSpan? timeout = default) { }
        public static Microsoft.Extensions.DependencyInjection.IHealthChecksBuilder AddSignalRHub(this Microsoft.Extensions.DependencyInjection.IHealthChecksBuilder builder, System.Func<System.IServiceProvider, System.Func<Microsoft.AspNetCore.SignalR.Client.HubConnection>> hubConnectionBuilderFactory, string? name = null, Microsoft.Extensions.Diagnostics.Pulse.HealthStatus? failureStatus = default, System.Collections.Generic.IEnumerable<string>? tags = null, System.TimeSpan? timeout = default) { }
        public static Microsoft.Extensions.DependencyInjection.IHealthChecksBuilder AddSignalRHub(this Microsoft.Extensions.DependencyInjection.IHealthChecksBuilder builder, string url, string? name = null, Microsoft.Extensions.Diagnostics.Pulse.HealthStatus? failureStatus = default, System.Collections.Generic.IEnumerable<string>? tags = null, System.TimeSpan? timeout = default) { }
    }
}
