namespace Pulse.ArangoDb
{
    public class ArangoDbHealthCheck : Microsoft.Extensions.Diagnostics.Pulse.IHealthCheck
    {
        public ArangoDbHealthCheck(Pulse.ArangoDb.ArangoDbOptions options) { }
        public System.Threading.Tasks.Task<Microsoft.Extensions.Diagnostics.Pulse.HealthCheckResult> CheckHealthAsync(Microsoft.Extensions.Diagnostics.Pulse.HealthCheckContext context, System.Threading.CancellationToken cancellationToken = default) { }
    }
    public class ArangoDbOptions
    {
        public ArangoDbOptions() { }
        public string Database { get; set; }
        public string HostUri { get; set; }
        public bool IsGenerateJwtTokenBasedOnUserNameAndPassword { get; set; }
        public string JwtToken { get; set; }
        public string Password { get; set; }
        public string UserName { get; set; }
    }
}
namespace Microsoft.Extensions.DependencyInjection
{
    public static class ArangoDbHealthCheckBuilderExtensions
    {
        public static Microsoft.Extensions.DependencyInjection.IHealthChecksBuilder AddArangoDb(this Microsoft.Extensions.DependencyInjection.IHealthChecksBuilder builder, System.Func<System.IServiceProvider, Pulse.ArangoDb.ArangoDbOptions> connectionOptionsFactory, string? name = null, Microsoft.Extensions.Diagnostics.Pulse.HealthStatus? failureStatus = default, System.Collections.Generic.IEnumerable<string>? tags = null, System.TimeSpan? timeout = default) { }
    }
}
